sample.interval=20000
"lapply" "unlist" "unique" "findLocalsList1" "unique" "FUN" "lapply" "unlist" "unique" "findLocalsList1" "FUN" "lapply" "unlist" "unique" "findLocalsList1" "findLocalsList" "funEnv" "make.functionContext" "cmpfun" "doTryCatch" "tryCatchOne" "tryCatchList" "tryCatch" "compiler:::tryCmpfun" "FUN" "lapply" "FUN" "lapply" "sapply" "replicate" 
"%in%" "getFoldFun" "constantFoldCall" "constantFold" "cmp" "h" "tryInline" "cmpCall" "cmp" "h" "tryInline" "cmpCall" "cmp" "h" "tryInline" "cmpCall" "cmp" "h" "tryInline" "cmpCall" "cmp" "genCode" "cmpfun" "doTryCatch" "tryCatchOne" "tryCatchList" "tryCatch" "compiler:::tryCmpfun" "FUN" "lapply" "FUN" "lapply" "sapply" "replicate" 
"$<-" "make.nonTailCallContext" "h" "tryInline" "cmpCall" "cmp" "h" "tryInline" "cmpCall" "cmp" "h" "tryInline" "cmpCall" "cmp" "h" "tryInline" "cmpCall" "cmp" "h" "tryInline" "cmpCall" "cmp" "h" "tryInline" "cmpCall" "cmp" "genCode" "cmpfun" "doTryCatch" "tryCatchOne" "tryCatchList" "tryCatch" "compiler:::tryCmpfun" "FUN" "lapply" "FUN" "lapply" "sapply" "replicate" 
"findCenvVar" "getInlineInfo" "tryInline" "cmpCall" "cmp" "h" "tryInline" "cmpCall" "cmp" "h" "tryInline" "cmpCall" "cmp" "h" "tryInline" "cmpCall" "cmp" "genCode" "cmpfun" "doTryCatch" "tryCatchOne" "tryCatchList" "tryCatch" "compiler:::tryCmpfun" "FUN" "lapply" "FUN" "lapply" "sapply" "replicate" 
"FUN" "lapply" "FUN" "lapply" "sapply" "replicate" 
"FUN" "lapply" "FUN" "lapply" "sapply" "replicate" 
"FUN" "lapply" "FUN" "lapply" "sapply" "replicate" 
"FUN" "lapply" "FUN" "lapply" "sapply" "replicate" 
"FUN" "lapply" "FUN" "lapply" "sapply" "replicate" 
"DescendantEdges" "FUN" "lapply" "FUN" "lapply" "sapply" "replicate" 
"DescendantEdges" "FUN" "lapply" "FUN" "lapply" "sapply" "replicate" 
"FUN" "lapply" "FUN" "lapply" "sapply" "replicate" 
"FUN" "lapply" "FUN" "lapply" "sapply" "replicate" 
"FUN" "lapply" "FUN" "lapply" "sapply" "replicate" 
"DescendantEdges" "FUN" "lapply" "FUN" "lapply" "sapply" "replicate" 
"FUN" "lapply" "FUN" "lapply" "sapply" "replicate" 
"FUN" "lapply" "FUN" "lapply" "sapply" "replicate" 
"FUN" "lapply" "FUN" "lapply" "sapply" "replicate" 
"FUN" "lapply" "FUN" "lapply" "sapply" "replicate" 
"FUN" "lapply" "FUN" "lapply" "sapply" "replicate" 
"FUN" "lapply" "FUN" "lapply" "sapply" "replicate" 
"FUN" "lapply" "FUN" "lapply" "sapply" "replicate" 
"unlist" "matrix" "OrderEdgesNumberNodes" "FUN" "lapply" "FUN" "lapply" "sapply" "replicate" 
".C" "unlist" "matrix" "OrderEdgesNumberNodes" "FUN" "lapply" "FUN" "lapply" "sapply" "replicate" 
"which" "FUN" "lapply" "FUN" "lapply" "sapply" "replicate" 
"EdgeAncestry" "FUN" "lapply" "FUN" "lapply" "sapply" "replicate" 
"which" "DescendantEdges" "FUN" "lapply" "FUN" "lapply" "sapply" "replicate" 
".C" "unlist" "matrix" "OrderEdgesNumberNodes" "FUN" "lapply" "FUN" "lapply" "sapply" "replicate" 
"FUN" "lapply" "FUN" "lapply" "sapply" "replicate" 
".C" "unlist" "matrix" "OrderEdgesNumberNodes" "FUN" "lapply" "FUN" "lapply" "sapply" "replicate" 
".C" "unlist" "matrix" "OrderEdgesNumberNodes" "FUN" "lapply" "FUN" "lapply" "sapply" "replicate" 
".C" "unlist" "matrix" "OrderEdgesNumberNodes" "FUN" "lapply" "FUN" "lapply" "sapply" "replicate" 
"$" "FUN" "lapply" "FUN" "lapply" "sapply" "replicate" 
"sample.int" "Sample1" "FUN" "lapply" "FUN" "lapply" "sapply" "replicate" 
"matrix" "OrderEdgesNumberNodes" "FUN" "lapply" "FUN" "lapply" "sapply" "replicate" 
"sample.int" "Sample1" "FUN" "lapply" "FUN" "lapply" "sapply" "replicate" 
"DescendantEdges" "FUN" "lapply" "FUN" "lapply" "sapply" "replicate" 
"sample.int" "Sample1" "FUN" "lapply" "FUN" "lapply" "sapply" "replicate" 
".C" "unlist" "matrix" "OrderEdgesNumberNodes" "FUN" "lapply" "FUN" "lapply" "sapply" "replicate" 
"which" "FUN" "lapply" "FUN" "lapply" "sapply" "replicate" 
"lapply" "FUN" "lapply" "sapply" "replicate" 
"FUN" "lapply" "FUN" "lapply" "sapply" "replicate" 
"FUN" "lapply" "FUN" "lapply" "sapply" "replicate" 
"FUN" "lapply" "FUN" "lapply" "sapply" "replicate" 
"which" "FUN" "lapply" "FUN" "lapply" "sapply" "replicate" 
"Sample1" "FUN" "lapply" "FUN" "lapply" "sapply" "replicate" 
"getCallingDLLe" ".C" "unlist" "matrix" "OrderEdgesNumberNodes" "FUN" "lapply" "FUN" "lapply" "sapply" "replicate" 
"FUN" "lapply" "FUN" "lapply" "sapply" "replicate" 
"FUN" "lapply" "FUN" "lapply" "sapply" "replicate" 
"FUN" "lapply" "FUN" "lapply" "sapply" "replicate" 
"FUN" "lapply" "FUN" "lapply" "sapply" "replicate" 
"length" "FUN" "lapply" "FUN" "lapply" "sapply" "replicate" 
"FUN" "lapply" "FUN" "lapply" "sapply" "replicate" 
"==" "DescendantEdges" "FUN" "lapply" "FUN" "lapply" "sapply" "replicate" 
"Sample1" "FUN" "lapply" "FUN" "lapply" "sapply" "replicate" 
"FUN" "lapply" "FUN" "lapply" "sapply" "replicate" 
"unlist" "matrix" "OrderEdgesNumberNodes" "FUN" "lapply" "FUN" "lapply" "sapply" "replicate" 
".C" "unlist" "matrix" "OrderEdgesNumberNodes" "FUN" "lapply" "FUN" "lapply" "sapply" "replicate" 
"unlist" "matrix" "OrderEdgesNumberNodes" "FUN" "lapply" "FUN" "lapply" "sapply" "replicate" 
".C" "unlist" "matrix" "OrderEdgesNumberNodes" "FUN" "lapply" "FUN" "lapply" "sapply" "replicate" 
"FUN" "lapply" "FUN" "lapply" "sapply" "replicate" 
"FUN" "lapply" "FUN" "lapply" "sapply" "replicate" 
"FUN" "lapply" "FUN" "lapply" "sapply" "replicate" 
"unlist" "matrix" "OrderEdgesNumberNodes" "FUN" "lapply" "FUN" "lapply" "sapply" "replicate" 
"FUN" "lapply" "FUN" "lapply" "sapply" "replicate" 
"sample.int" "Sample1" "FUN" "lapply" "FUN" "lapply" "sapply" "replicate" 
"FUN" "lapply" "FUN" "lapply" "sapply" "replicate" 
"FUN" "lapply" "FUN" "lapply" "sapply" "replicate" 
"unlist" "matrix" "OrderEdgesNumberNodes" "FUN" "lapply" "FUN" "lapply" "sapply" "replicate" 
"sample.int" "Sample1" "FUN" "lapply" "FUN" "lapply" "sapply" "replicate" 
"$<-" "FUN" "lapply" "FUN" "lapply" "sapply" "replicate" 
"Sample1" "FUN" "lapply" "FUN" "lapply" "sapply" "replicate" 
"==" "DescendantEdges" "FUN" "lapply" "FUN" "lapply" "sapply" "replicate" 
"which" "FUN" "lapply" "FUN" "lapply" "sapply" "replicate" 
"lapply" "FUN" "lapply" "sapply" "replicate" 
"logical" "DescendantEdges" "FUN" "lapply" "FUN" "lapply" "sapply" "replicate" 
"$" "FUN" "lapply" "FUN" "lapply" "sapply" "replicate" 
".C" "unlist" "matrix" "OrderEdgesNumberNodes" "FUN" "lapply" "FUN" "lapply" "sapply" "replicate" 
"FUN" "lapply" "FUN" "lapply" "sapply" "replicate" 
"FUN" "lapply" "FUN" "lapply" "sapply" "replicate" 
"unlist" "matrix" "OrderEdgesNumberNodes" "FUN" "lapply" "FUN" "lapply" "sapply" "replicate" 
"EdgeAncestry" "FUN" "lapply" "FUN" "lapply" "sapply" "replicate" 
"sample.int" "Sample1" "FUN" "lapply" "FUN" "lapply" "sapply" "replicate" 
"DescendantEdges" "FUN" "lapply" "FUN" "lapply" "sapply" "replicate" 
"which" "FUN" "lapply" "FUN" "lapply" "sapply" "replicate" 
"FUN" "lapply" "FUN" "lapply" "sapply" "replicate" 
"Sample1" "FUN" "lapply" "FUN" "lapply" "sapply" "replicate" 
"DescendantEdges" "FUN" "lapply" "FUN" "lapply" "sapply" "replicate" 
"matrix" "OrderEdgesNumberNodes" "FUN" "lapply" "FUN" "lapply" "sapply" "replicate" 
"FUN" "lapply" "FUN" "lapply" "sapply" "replicate" 
"FUN" "lapply" "FUN" "lapply" "sapply" "replicate" 
"sample.int" "Sample1" "FUN" "lapply" "FUN" "lapply" "sapply" "replicate" 
"AncestorEdge" "EdgeAncestry" "FUN" "lapply" "FUN" "lapply" "sapply" "replicate" 
"FUN" "lapply" "FUN" "lapply" "sapply" "replicate" 
"which" "FUN" "lapply" "FUN" "lapply" "sapply" "replicate" 
".C" "unlist" "matrix" "OrderEdgesNumberNodes" "FUN" "lapply" "FUN" "lapply" "sapply" "replicate" 
"DescendantEdges" "FUN" "lapply" "FUN" "lapply" "sapply" "replicate" 
"FUN" "lapply" "FUN" "lapply" "sapply" "replicate" 
"FUN" "lapply" "FUN" "lapply" "sapply" "replicate" 
"sample.int" "Sample1" "FUN" "lapply" "FUN" "lapply" "sapply" "replicate" 
"FUN" "lapply" "FUN" "lapply" "sapply" "replicate" 
"is.atomic" "matrix" "OrderEdgesNumberNodes" "FUN" "lapply" "FUN" "lapply" "sapply" "replicate" 
".C" "unlist" "matrix" "OrderEdgesNumberNodes" "FUN" "lapply" "FUN" "lapply" "sapply" "replicate" 
"FUN" "lapply" "FUN" "lapply" "sapply" "replicate" 
"FUN" "lapply" "FUN" "lapply" "sapply" "replicate" 
"Sample1" "FUN" "lapply" "FUN" "lapply" "sapply" "replicate" 
"sample.int" "Sample1" "FUN" "lapply" "FUN" "lapply" "sapply" "replicate" 
".C" "unlist" "matrix" "OrderEdgesNumberNodes" "FUN" "lapply" "FUN" "lapply" "sapply" "replicate" 
"DescendantEdges" "FUN" "lapply" "FUN" "lapply" "sapply" "replicate" 
"FUN" "lapply" "FUN" "lapply" "sapply" "replicate" 
"EdgeAncestry" "FUN" "lapply" "FUN" "lapply" "sapply" "replicate" 
"unlist" "matrix" "OrderEdgesNumberNodes" "FUN" "lapply" "FUN" "lapply" "sapply" "replicate" 
"lapply" "FUN" "lapply" "sapply" "replicate" 
"Sample1" "FUN" "lapply" "FUN" "lapply" "sapply" "replicate" 
"length" "getCallingDLLe" ".C" "unlist" "matrix" "OrderEdgesNumberNodes" "FUN" "lapply" "FUN" "lapply" "sapply" "replicate" 
"sample.int" "Sample1" "FUN" "lapply" "FUN" "lapply" "sapply" "replicate" 
"FUN" "lapply" "FUN" "lapply" "sapply" "replicate" 
"DescendantEdges" "FUN" "lapply" "FUN" "lapply" "sapply" "replicate" 
"FUN" "lapply" "FUN" "lapply" "sapply" "replicate" 
"FUN" "lapply" "FUN" "lapply" "sapply" "replicate" 
"EdgeAncestry" "FUN" "lapply" "FUN" "lapply" "sapply" "replicate" 
"sample.int" "Sample1" "FUN" "lapply" "FUN" "lapply" "sapply" "replicate" 
"FUN" "lapply" "FUN" "lapply" "sapply" "replicate" 
"unlist" "matrix" "OrderEdgesNumberNodes" "FUN" "lapply" "FUN" "lapply" "sapply" "replicate" 
"unlist" "matrix" "OrderEdgesNumberNodes" "FUN" "lapply" "FUN" "lapply" "sapply" "replicate" 
".C" "unlist" "matrix" "OrderEdgesNumberNodes" "FUN" "lapply" "FUN" "lapply" "sapply" "replicate" 
"FUN" "lapply" "FUN" "lapply" "sapply" "replicate" 
"FUN" "lapply" "FUN" "lapply" "sapply" "replicate" 
"FUN" "lapply" "FUN" "lapply" "sapply" "replicate" 
"FUN" "lapply" "FUN" "lapply" "sapply" "replicate" 
"FUN" "lapply" "FUN" "lapply" "sapply" "replicate" 
"DescendantEdges" "FUN" "lapply" "FUN" "lapply" "sapply" "replicate" 
"EdgeAncestry" "FUN" "lapply" "FUN" "lapply" "sapply" "replicate" 
".C" "unlist" "matrix" "OrderEdgesNumberNodes" "FUN" "lapply" "FUN" "lapply" "sapply" "replicate" 
"FUN" "lapply" "FUN" "lapply" "sapply" "replicate" 
"which" "FUN" "lapply" "FUN" "lapply" "sapply" "replicate" 
"FUN" "lapply" "FUN" "lapply" "sapply" "replicate" 
"FUN" "lapply" "FUN" "lapply" "sapply" "replicate" 
"FUN" "lapply" "FUN" "lapply" "sapply" "replicate" 
"FUN" "lapply" "FUN" "lapply" "sapply" "replicate" 
"getCallingDLLe" ".C" "unlist" "matrix" "OrderEdgesNumberNodes" "FUN" "lapply" "FUN" "lapply" "sapply" "replicate" 
"FUN" "lapply" "FUN" "lapply" "sapply" "replicate" 
"unlist" "matrix" "OrderEdgesNumberNodes" "FUN" "lapply" "FUN" "lapply" "sapply" "replicate" 
"which" "FUN" "lapply" "FUN" "lapply" "sapply" "replicate" 
"FUN" "lapply" "FUN" "lapply" "sapply" "replicate" 
"which" "FUN" "lapply" "FUN" "lapply" "sapply" "replicate" 
"sample.int" "Sample1" "FUN" "lapply" "FUN" "lapply" "sapply" "replicate" 
"get0" "getCallingDLLe" ".C" "unlist" "matrix" "OrderEdgesNumberNodes" "FUN" "lapply" "FUN" "lapply" "sapply" "replicate" 
".C" "unlist" "matrix" "OrderEdgesNumberNodes" "FUN" "lapply" "FUN" "lapply" "sapply" "replicate" 
"DescendantEdges" "FUN" "lapply" "FUN" "lapply" "sapply" "replicate" 
"DescendantEdges" "FUN" "lapply" "FUN" "lapply" "sapply" "replicate" 
"$" "FUN" "lapply" "FUN" "lapply" "sapply" "replicate" 
"FUN" "lapply" "FUN" "lapply" "sapply" "replicate" 
"matrix" "OrderEdgesNumberNodes" "FUN" "lapply" "FUN" "lapply" "sapply" "replicate" 
"logical" "FUN" "lapply" "FUN" "lapply" "sapply" "replicate" 
".C" "unlist" "matrix" "OrderEdgesNumberNodes" "FUN" "lapply" "FUN" "lapply" "sapply" "replicate" 
"sample.int" "Sample1" "FUN" "lapply" "FUN" "lapply" "sapply" "replicate" 
"getCallingDLLe" ".C" "unlist" "matrix" "OrderEdgesNumberNodes" "FUN" "lapply" "FUN" "lapply" "sapply" "replicate" 
"FUN" "lapply" "FUN" "lapply" "sapply" "replicate" 
".C" "unlist" "matrix" "OrderEdgesNumberNodes" "FUN" "lapply" "FUN" "lapply" "sapply" "replicate" 
"DescendantEdges" "FUN" "lapply" "FUN" "lapply" "sapply" "replicate" 
"any" "DescendantEdges" "FUN" "lapply" "FUN" "lapply" "sapply" "replicate" 
"FUN" "lapply" "FUN" "lapply" "sapply" "replicate" 
"DescendantEdges" "FUN" "lapply" "FUN" "lapply" "sapply" "replicate" 
".C" "unlist" "matrix" "OrderEdgesNumberNodes" "FUN" "lapply" "FUN" "lapply" "sapply" "replicate" 
"getCallingDLLe" ".C" "unlist" "matrix" "OrderEdgesNumberNodes" "FUN" "lapply" "FUN" "lapply" "sapply" "replicate" 
"sample.int" "Sample1" "FUN" "lapply" "FUN" "lapply" "sapply" "replicate" 
"sample.int" "Sample1" "FUN" "lapply" "FUN" "lapply" "sapply" "replicate" 
"matrix" "OrderEdgesNumberNodes" "FUN" "lapply" "FUN" "lapply" "sapply" "replicate" 
"sample.int" "Sample1" "FUN" "lapply" "FUN" "lapply" "sapply" "replicate" 
"FUN" "lapply" "FUN" "lapply" "sapply" "replicate" 
"lapply" "FUN" "lapply" "sapply" "replicate" 
"sample.int" "Sample1" "FUN" "lapply" "FUN" "lapply" "sapply" "replicate" 
"DescendantEdges" "FUN" "lapply" "FUN" "lapply" "sapply" "replicate" 
"which" "DescendantEdges" "FUN" "lapply" "FUN" "lapply" "sapply" "replicate" 
"DescendantEdges" "FUN" "lapply" "FUN" "lapply" "sapply" "replicate" 
"getCallingDLLe" ".C" "unlist" "matrix" "OrderEdgesNumberNodes" "FUN" "lapply" "FUN" "lapply" "sapply" "replicate" 
"unlist" "matrix" "OrderEdgesNumberNodes" "FUN" "lapply" "FUN" "lapply" "sapply" "replicate" 
"FUN" "lapply" "FUN" "lapply" "sapply" "replicate" 
"any" "FUN" "lapply" "FUN" "lapply" "sapply" "replicate" 
"unlist" "matrix" "OrderEdgesNumberNodes" "FUN" "lapply" "FUN" "lapply" "sapply" "replicate" 
"FUN" "lapply" "FUN" "lapply" "sapply" "replicate" 
"which" "FUN" "lapply" "FUN" "lapply" "sapply" "replicate" 
"FUN" "lapply" "FUN" "lapply" "sapply" "replicate" 
"FUN" "lapply" "FUN" "lapply" "sapply" "replicate" 
"FUN" "lapply" "FUN" "lapply" "sapply" "replicate" 
"FUN" "lapply" "FUN" "lapply" "sapply" "replicate" 
"FUN" "lapply" "FUN" "lapply" "sapply" "replicate" 
"OrderEdgesNumberNodes" "FUN" "lapply" "FUN" "lapply" "sapply" "replicate" 
"matrix" "OrderEdgesNumberNodes" "FUN" "lapply" "FUN" "lapply" "sapply" "replicate" 
"$<-" "FUN" "lapply" "FUN" "lapply" "sapply" "replicate" 
"DescendantEdges" "FUN" "lapply" "FUN" "lapply" "sapply" "replicate" 
"sample.int" "Sample1" "FUN" "lapply" "FUN" "lapply" "sapply" "replicate" 
"sample.int" "Sample1" "FUN" "lapply" "FUN" "lapply" "sapply" "replicate" 
"matrix" "OrderEdgesNumberNodes" "FUN" "lapply" "FUN" "lapply" "sapply" "replicate" 
"OrderEdgesNumberNodes" "FUN" "lapply" "FUN" "lapply" "sapply" "replicate" 
"$" "FUN" "lapply" "FUN" "lapply" "sapply" "replicate" 
"FUN" "lapply" "FUN" "lapply" "sapply" "replicate" 
"FUN" "lapply" "FUN" "lapply" "sapply" "replicate" 
"$<-" "FUN" "lapply" "FUN" "lapply" "sapply" "replicate" 
"AncestorEdge" "EdgeAncestry" "FUN" "lapply" "FUN" "lapply" "sapply" "replicate" 
"which" "DescendantEdges" "FUN" "lapply" "FUN" "lapply" "sapply" "replicate" 
"which" "FUN" "lapply" "FUN" "lapply" "sapply" "replicate" 
"which" "FUN" "lapply" "FUN" "lapply" "sapply" "replicate" 
"DescendantEdges" "FUN" "lapply" "FUN" "lapply" "sapply" "replicate" 
"lapply" "FUN" "lapply" "sapply" "replicate" 
"unlist" "matrix" "OrderEdgesNumberNodes" "FUN" "lapply" "FUN" "lapply" "sapply" "replicate" 
"lapply" "FUN" "lapply" "sapply" "replicate" 
"sample.int" "Sample1" "FUN" "lapply" "FUN" "lapply" "sapply" "replicate" 
"FUN" "lapply" "FUN" "lapply" "sapply" "replicate" 
"FUN" "lapply" "FUN" "lapply" "sapply" "replicate" 
".C" "unlist" "matrix" "OrderEdgesNumberNodes" "FUN" "lapply" "FUN" "lapply" "sapply" "replicate" 
"FUN" "lapply" "FUN" "lapply" "sapply" "replicate" 
".C" "unlist" "matrix" "OrderEdgesNumberNodes" "FUN" "lapply" "FUN" "lapply" "sapply" "replicate" 
"matrix" "OrderEdgesNumberNodes" "FUN" "lapply" "FUN" "lapply" "sapply" "replicate" 
"unlist" "matrix" "OrderEdgesNumberNodes" "FUN" "lapply" "FUN" "lapply" "sapply" "replicate" 
"DescendantEdges" "FUN" "lapply" "FUN" "lapply" "sapply" "replicate" 
"DescendantEdges" "FUN" "lapply" "FUN" "lapply" "sapply" "replicate" 
"FUN" "lapply" "FUN" "lapply" "sapply" "replicate" 
"unlist" "matrix" "OrderEdgesNumberNodes" "FUN" "lapply" "FUN" "lapply" "sapply" "replicate" 
"FUN" "lapply" "FUN" "lapply" "sapply" "replicate" 
"logical" "DescendantEdges" "FUN" "lapply" "FUN" "lapply" "sapply" "replicate" 
"FUN" "lapply" "FUN" "lapply" "sapply" "replicate" 
"EdgeAncestry" "FUN" "lapply" "FUN" "lapply" "sapply" "replicate" 
".C" "unlist" "matrix" "OrderEdgesNumberNodes" "FUN" "lapply" "FUN" "lapply" "sapply" "replicate" 
".C" "unlist" "matrix" "OrderEdgesNumberNodes" "FUN" "lapply" "FUN" "lapply" "sapply" "replicate" 
"sample.int" "Sample1" "FUN" "lapply" "FUN" "lapply" "sapply" "replicate" 
"sample.int" "Sample1" "FUN" "lapply" "FUN" "lapply" "sapply" "replicate" 
".C" "unlist" "matrix" "OrderEdgesNumberNodes" "FUN" "lapply" "FUN" "lapply" "sapply" "replicate" 
"sample.int" "Sample1" "FUN" "lapply" "FUN" "lapply" "sapply" "replicate" 
"FUN" "lapply" "FUN" "lapply" "sapply" "replicate" 
".C" "unlist" "matrix" "OrderEdgesNumberNodes" "FUN" "lapply" "FUN" "lapply" "sapply" "replicate" 
".C" "unlist" "matrix" "OrderEdgesNumberNodes" "FUN" "lapply" "FUN" "lapply" "sapply" "replicate" 
"FUN" "lapply" "FUN" "lapply" "sapply" "replicate" 
"sample.int" "Sample1" "FUN" "lapply" "FUN" "lapply" "sapply" "replicate" 
"logical" "FUN" "lapply" "FUN" "lapply" "sapply" "replicate" 
"$" "FUN" "lapply" "FUN" "lapply" "sapply" "replicate" 
"$" "FUN" "lapply" "FUN" "lapply" "sapply" "replicate" 
"FUN" "lapply" "FUN" "lapply" "sapply" "replicate" 
"DescendantEdges" "FUN" "lapply" "FUN" "lapply" "sapply" "replicate" 
"FUN" "lapply" "FUN" "lapply" "sapply" "replicate" 
".C" "unlist" "matrix" "OrderEdgesNumberNodes" "FUN" "lapply" "FUN" "lapply" "sapply" "replicate" 
".C" "unlist" "matrix" "OrderEdgesNumberNodes" "FUN" "lapply" "FUN" "lapply" "sapply" "replicate" 
"any" "EdgeAncestry" "FUN" "lapply" "FUN" "lapply" "sapply" "replicate" 
"FUN" "lapply" "FUN" "lapply" "sapply" "replicate" 
"Sample1" "FUN" "lapply" "FUN" "lapply" "sapply" "replicate" 
"OrderEdgesNumberNodes" "FUN" "lapply" "FUN" "lapply" "sapply" "replicate" 
"FUN" "lapply" "FUN" "lapply" "sapply" "replicate" 
"$<-" "FUN" "lapply" "FUN" "lapply" "sapply" "replicate" 
"DescendantEdges" "FUN" "lapply" "FUN" "lapply" "sapply" "replicate" 
"==" "AncestorEdge" "EdgeAncestry" "FUN" "lapply" "FUN" "lapply" "sapply" "replicate" 
"get0" "getCallingDLLe" ".C" "unlist" "matrix" "OrderEdgesNumberNodes" "FUN" "lapply" "FUN" "lapply" "sapply" "replicate" 
"Sample1" "FUN" "lapply" "FUN" "lapply" "sapply" "replicate" 
"Sample1" "FUN" "lapply" "FUN" "lapply" "sapply" "replicate" 
"sample.int" "Sample1" "FUN" "lapply" "FUN" "lapply" "sapply" "replicate" 
"-" "DescendantEdges" "FUN" "lapply" "FUN" "lapply" "sapply" "replicate" 
"$<-" "FUN" "lapply" "FUN" "lapply" "sapply" "replicate" 
"FUN" "lapply" "FUN" "lapply" "sapply" "replicate" 
"DescendantEdges" "FUN" "lapply" "FUN" "lapply" "sapply" "replicate" 
"FUN" "lapply" "FUN" "lapply" "sapply" "replicate" 
"FUN" "lapply" "FUN" "lapply" "sapply" "replicate" 
"FUN" "lapply" "FUN" "lapply" "sapply" "replicate" 
"FUN" "lapply" "FUN" "lapply" "sapply" "replicate" 
"Sample1" "FUN" "lapply" "FUN" "lapply" "sapply" "replicate" 
"as.integer" "unlist" "matrix" "OrderEdgesNumberNodes" "FUN" "lapply" "FUN" "lapply" "sapply" "replicate" 
"==" "DescendantEdges" "FUN" "lapply" "FUN" "lapply" "sapply" "replicate" 
".C" "unlist" "matrix" "OrderEdgesNumberNodes" "FUN" "lapply" "FUN" "lapply" "sapply" "replicate" 
"DescendantEdges" "FUN" "lapply" "FUN" "lapply" "sapply" "replicate" 
"FUN" "lapply" "FUN" "lapply" "sapply" "replicate" 
"FUN" "lapply" "FUN" "lapply" "sapply" "replicate" 
"which" "FUN" "lapply" "FUN" "lapply" "sapply" "replicate" 
"length" "FUN" "lapply" "FUN" "lapply" "sapply" "replicate" 
".C" "unlist" "matrix" "OrderEdgesNumberNodes" "FUN" "lapply" "FUN" "lapply" "sapply" "replicate" 
"==" "DescendantEdges" "FUN" "lapply" "FUN" "lapply" "sapply" "replicate" 
"Sample1" "FUN" "lapply" "FUN" "lapply" "sapply" "replicate" 
"FUN" "lapply" "FUN" "lapply" "sapply" "replicate" 
"lapply" "FUN" "lapply" "sapply" "replicate" 
"unlist" "matrix" "OrderEdgesNumberNodes" "FUN" "lapply" "FUN" "lapply" "sapply" "replicate" 
"OrderEdgesNumberNodes" "FUN" "lapply" "FUN" "lapply" "sapply" "replicate" 
"sample.int" "Sample1" "FUN" "lapply" "FUN" "lapply" "sapply" "replicate" 
"DescendantEdges" "FUN" "lapply" "FUN" "lapply" "sapply" "replicate" 
"FUN" "lapply" "FUN" "lapply" "sapply" "replicate" 
"FUN" "lapply" "FUN" "lapply" "sapply" "replicate" 
"OrderEdgesNumberNodes" "FUN" "lapply" "FUN" "lapply" "sapply" "replicate" 
"sample.int" "Sample1" "FUN" "lapply" "FUN" "lapply" "sapply" "replicate" 
"getCallingDLLe" ".C" "unlist" "matrix" "OrderEdgesNumberNodes" "FUN" "lapply" "FUN" "lapply" "sapply" "replicate" 
"FUN" "lapply" "FUN" "lapply" "sapply" "replicate" 
"FUN" "lapply" "FUN" "lapply" "sapply" "replicate" 
"DescendantEdges" "FUN" "lapply" "FUN" "lapply" "sapply" "replicate" 
"Sample1" "FUN" "lapply" "FUN" "lapply" "sapply" "replicate" 
"getCallingDLLe" ".C" "unlist" "matrix" "OrderEdgesNumberNodes" "FUN" "lapply" "FUN" "lapply" "sapply" "replicate" 
"which" "FUN" "lapply" "FUN" "lapply" "sapply" "replicate" 
"AncestorEdge" "EdgeAncestry" "FUN" "lapply" "FUN" "lapply" "sapply" "replicate" 
"sample.int" "Sample1" "FUN" "lapply" "FUN" "lapply" "sapply" "replicate" 
"Sample1" "FUN" "lapply" "FUN" "lapply" "sapply" "replicate" 
"matrix" "OrderEdgesNumberNodes" "FUN" "lapply" "FUN" "lapply" "sapply" "replicate" 
"FUN" "lapply" "FUN" "lapply" "sapply" "replicate" 
"which" "FUN" "lapply" "FUN" "lapply" "sapply" "replicate" 
"which" "FUN" "lapply" "FUN" "lapply" "sapply" "replicate" 
"FUN" "lapply" "FUN" "lapply" "sapply" "replicate" 
"sample.int" "Sample1" "FUN" "lapply" "FUN" "lapply" "sapply" "replicate" 
".C" "unlist" "matrix" "OrderEdgesNumberNodes" "FUN" "lapply" "FUN" "lapply" "sapply" "replicate" 
"get0" "getCallingDLLe" ".C" "unlist" "matrix" "OrderEdgesNumberNodes" "FUN" "lapply" "FUN" "lapply" "sapply" "replicate" 
"DescendantEdges" "FUN" "lapply" "FUN" "lapply" "sapply" "replicate" 
"DescendantEdges" "FUN" "lapply" "FUN" "lapply" "sapply" "replicate" 
"FUN" "lapply" "FUN" "lapply" "sapply" "replicate" 
".C" "unlist" "matrix" "OrderEdgesNumberNodes" "FUN" "lapply" "FUN" "lapply" "sapply" "replicate" 
"sample.int" "Sample1" "FUN" "lapply" "FUN" "lapply" "sapply" "replicate" 
"DescendantEdges" "FUN" "lapply" "FUN" "lapply" "sapply" "replicate" 
"FUN" "lapply" "FUN" "lapply" "sapply" "replicate" 
"$<-" "FUN" "lapply" "FUN" "lapply" "sapply" "replicate" 
"OrderEdgesNumberNodes" "FUN" "lapply" "FUN" "lapply" "sapply" "replicate" 
"FUN" "lapply" "FUN" "lapply" "sapply" "replicate" 
"which" "DescendantEdges" "FUN" "lapply" "FUN" "lapply" "sapply" "replicate" 
"unlist" "matrix" "OrderEdgesNumberNodes" "FUN" "lapply" "FUN" "lapply" "sapply" "replicate" 
"FUN" "lapply" "FUN" "lapply" "sapply" "replicate" 
"FUN" "lapply" "FUN" "lapply" "sapply" "replicate" 
"DescendantEdges" "FUN" "lapply" "FUN" "lapply" "sapply" "replicate" 
"lapply" "FUN" "lapply" "sapply" "replicate" 
"lapply" "FUN" "lapply" "sapply" "replicate" 
"DescendantEdges" "FUN" "lapply" "FUN" "lapply" "sapply" "replicate" 
".C" "unlist" "matrix" "OrderEdgesNumberNodes" "FUN" "lapply" "FUN" "lapply" "sapply" "replicate" 
"DescendantEdges" "FUN" "lapply" "FUN" "lapply" "sapply" "replicate" 
"which" "FUN" "lapply" "FUN" "lapply" "sapply" "replicate" 
"FUN" "lapply" "FUN" "lapply" "sapply" "replicate" 
"$<-" "FUN" "lapply" "FUN" "lapply" "sapply" "replicate" 
"array" "simplify2array" "sapply" "replicate" 
